[2025-11-11 13:47:27.228][info][566016][:] === BACnet PLC 异步读写测试开始 ===
[2025-11-11 13:47:27.228][info][566016][main.cc:17] 开始测试BACnet PLC异步读写功能
[2025-11-11 13:47:27.228][info][566016][main.cc:39] 准备调用 plc_proto_read，设备实例: 5678
[2025-11-11 13:47:27.229][debug][566016][proto_bacnet_core.cpp:481] [PLC] plc_proto_read: device=5678, analog-value-1, present-value
[2025-11-11 13:47:27.229][info][566016][proto_bacnet_core.cpp:435] [PLC] Initializing BACnet driver...
[2025-11-11 13:47:27.229][info][566016][proto_bacnet_driver.cpp:41] [BACnet][Driver] Initializing driver...
[2025-11-11 13:47:27.229][info][566016][proto_bacnet_core.cpp:17] [BACnet][Context] Initializing context...
[2025-11-11 13:47:27.229][debug][566016][proto_bacnet_core.cpp:214] [BACnet] Loading configuration from ../config.yaml
[2025-11-11 13:47:27.229][warning][566016][proto_bacnet_utils.cpp:229] [BACnet][Config] Cannot open config file '../config.yaml', using default values
[2025-11-11 13:47:27.229][info][566016][proto_bacnet_utils.cpp:69] ┏━━━━━━━━━━━━━━━━━━━━━━━━━━━━━━━━━━━━━━━━━━━━━━━━━━━━━━━━━━━━━━━━┓
[2025-11-11 13:47:27.229][info][566016][proto_bacnet_utils.cpp:70] ┃          BACnet Configuration Loaded                         ┃
[2025-11-11 13:47:27.229][info][566016][proto_bacnet_utils.cpp:71] ┣━━━━━━━━━━━━━━━━━━━━━━━━━━━━━━━━━━━━━━━━━━━━━━━━━━━━━━━━━━━━━━━━┫
[2025-11-11 13:47:27.229][info][566016][proto_bacnet_utils.cpp:74] ┃ [Common]                                                     ┃
[2025-11-11 13:47:27.229][info][566016][proto_bacnet_utils.cpp:75] ┃   environment        : development           [DEFAULT] ┃
[2025-11-11 13:47:27.229][info][566016][proto_bacnet_utils.cpp:77] ┃   log_level          : debug                 [DEFAULT] ┃
[2025-11-11 13:47:27.229][info][566016][proto_bacnet_utils.cpp:79] ┃   log_file           : bacnet.log            [DEFAULT] ┃
[2025-11-11 13:47:27.229][info][566016][proto_bacnet_utils.cpp:82] ┣━━━━━━━━━━━━━━━━━━━━━━━━━━━━━━━━━━━━━━━━━━━━━━━━━━━━━━━━━━━━━━━━┫
[2025-11-11 13:47:27.229][info][566016][proto_bacnet_utils.cpp:85] ┃ [BACnet]                                                     ┃
[2025-11-11 13:47:27.229][info][566016][proto_bacnet_utils.cpp:86] ┃   enabled            : true                  [DEFAULT] ┃
[2025-11-11 13:47:27.229][info][566016][proto_bacnet_utils.cpp:90] ┣━━━━━━━━━━━━━━━━━━━━━━━━━━━━━━━━━━━━━━━━━━━━━━━━━━━━━━━━━━━━━━━━┫
[2025-11-11 13:47:27.229][info][566016][proto_bacnet_utils.cpp:93] ┃ [BACnet.Discovery]                                           ┃
[2025-11-11 13:47:27.229][info][566016][proto_bacnet_utils.cpp:94] ┃   target_device_start:                 5678  [DEFAULT] ┃
[2025-11-11 13:47:27.229][info][566016][proto_bacnet_utils.cpp:97] ┃   target_device_end  :                 5678  [DEFAULT] ┃
[2025-11-11 13:47:27.229][info][566016][proto_bacnet_utils.cpp:100] ┃   whois_retry        :                    3  [DEFAULT] ┃
[2025-11-11 13:47:27.229][info][566016][proto_bacnet_utils.cpp:103] ┃   response_timeout_ms:                 5000  [DEFAULT] ┃
[2025-11-11 13:47:27.229][info][566016][proto_bacnet_utils.cpp:107] ┣━━━━━━━━━━━━━━━━━━━━━━━━━━━━━━━━━━━━━━━━━━━━━━━━━━━━━━━━━━━━━━━━┫
[2025-11-11 13:47:27.229][info][566016][proto_bacnet_utils.cpp:110] ┃ [BACnet.LocalDevice]                                         ┃
[2025-11-11 13:47:27.229][info][566016][proto_bacnet_utils.cpp:111] ┃   instance_id        :              4194303  [DEFAULT] ┃
[2025-11-11 13:47:27.229][info][566016][proto_bacnet_utils.cpp:114] ┃   max_apdu           :                 1476  [DEFAULT] ┃
[2025-11-11 13:47:27.229][info][566016][proto_bacnet_utils.cpp:118] ┣━━━━━━━━━━━━━━━━━━━━━━━━━━━━━━━━━━━━━━━━━━━━━━━━━━━━━━━━━━━━━━━━┫
[2025-11-11 13:47:27.229][info][566016][proto_bacnet_utils.cpp:121] ┃ [BACnet.Network]                                             ┃
[2025-11-11 13:47:27.229][info][566016][proto_bacnet_utils.cpp:122] ┃   interface          : (auto)                [DEFAULT] ┃
[2025-11-11 13:47:27.229][info][566016][proto_bacnet_utils.cpp:125] ┃   port               :                47808  [DEFAULT] ┃
[2025-11-11 13:47:27.229][info][566016][proto_bacnet_utils.cpp:128] ┃   broadcast_address  : 255.255.255.255       [DEFAULT] ┃
[2025-11-11 13:47:27.229][info][566016][proto_bacnet_utils.cpp:132] ┣━━━━━━━━━━━━━━━━━━━━━━━━━━━━━━━━━━━━━━━━━━━━━━━━━━━━━━━━━━━━━━━━┫
[2025-11-11 13:47:27.229][info][566016][proto_bacnet_utils.cpp:135] ┃ [BACnet.Services]                                            ┃
[2025-11-11 13:47:27.229][info][566016][proto_bacnet_utils.cpp:136] ┃   read_timeout_ms    :                 6000  [DEFAULT] ┃
[2025-11-11 13:47:27.229][info][566016][proto_bacnet_utils.cpp:139] ┃   write_timeout_ms   :                 6000  [DEFAULT] ┃
[2025-11-11 13:47:27.229][info][566016][proto_bacnet_utils.cpp:142] ┃   default_priority   :                    8  [DEFAULT] ┃
[2025-11-11 13:47:27.229][info][566016][proto_bacnet_utils.cpp:145] ┃   cache_expiry_ms    :                 1000  [DEFAULT] ┃
[2025-11-11 13:47:27.229][info][566016][proto_bacnet_utils.cpp:148] ┃   cache_strategy     :                    0  [DEFAULT] ┃
[2025-11-11 13:47:27.229][info][566016][proto_bacnet_utils.cpp:151] ┃   datalink_maint_ms  :                 1000  [DEFAULT] ┃
[2025-11-11 13:47:27.229][info][566016][proto_bacnet_utils.cpp:155] ┣━━━━━━━━━━━━━━━━━━━━━━━━━━━━━━━━━━━━━━━━━━━━━━━━━━━━━━━━━━━━━━━━┫
[2025-11-11 13:47:27.229][info][566016][proto_bacnet_utils.cpp:158] ┃ [BACnet.Connection]                                          ┃
[2025-11-11 13:47:27.229][info][566016][proto_bacnet_utils.cpp:159] ┃   max_reconnect_attempts:                 5  [DEFAULT] ┃
[2025-11-11 13:47:27.229][info][566016][proto_bacnet_utils.cpp:162] ┃   reconnect_interval_ms :              3000  [DEFAULT] ┃
[2025-11-11 13:47:27.229][info][566016][proto_bacnet_utils.cpp:166] ┣━━━━━━━━━━━━━━━━━━━━━━━━━━━━━━━━━━━━━━━━━━━━━━━━━━━━━━━━━━━━━━━━┫
[2025-11-11 13:47:27.229][info][566016][proto_bacnet_utils.cpp:169] ┃ [BACnet.HotConfig]                                           ┃
[2025-11-11 13:47:27.229][info][566016][proto_bacnet_utils.cpp:170] ┃   enabled            : true                  [DEFAULT] ┃
[2025-11-11 13:47:27.229][info][566016][proto_bacnet_utils.cpp:173] ┃   polling_interval_ms:                 1000  [DEFAULT] ┃
[2025-11-11 13:47:27.229][info][566016][proto_bacnet_utils.cpp:177] ┗━━━━━━━━━━━━━━━━━━━━━━━━━━━━━━━━━━━━━━━━━━━━━━━━━━━━━━━━━━━━━━━━┛
[2025-11-11 13:47:27.229][debug][566016][proto_bacnet_core.cpp:221] [BACnet] Configuration loaded successfully
[2025-11-11 13:47:27.229][debug][566016][proto_bacnet_core.cpp:233] [BACnet] Cache strategy: Aggressive (always send requests) (expiry: 1000ms)
[2025-11-11 13:47:27.229][debug][566016][proto_bacnet_core.cpp:237] [BACnet] Initializing BACnet protocol stack...
[2025-11-11 13:47:27.229][debug][566016][proto_bacnet_core.cpp:240] [BACnet] Device_Init completed
[2025-11-11 13:47:27.229][debug][566016][proto_bacnet_core.cpp:243] [BACnet] address_init completed
[2025-11-11 13:47:27.230][debug][566016][proto_bacnet_core.cpp:246] [BACnet] dlenv_init completed
[2025-11-11 13:47:27.230][info][566016][proto_bacnet_callbacks.cpp:422] [BACnet] Protocol stack handlers registered
[2025-11-11 13:47:27.230][debug][566016][proto_bacnet_core.cpp:250] [BACnet] BACnet handlers registered
[2025-11-11 13:47:27.230][info][566016][proto_bacnet_core.cpp:264] [BACnet] Context initialized successfully (target device range: 5678-5678)
[2025-11-11 13:47:27.230][info][566016][proto_bacnet_core.cpp:29] [BACnet][Context] Initialization completed
[2025-11-11 13:47:27.230][info][566016][proto_bacnet_driver.cpp:62] [BACnet][Driver] Initialization completed successfully
[2025-11-11 13:47:27.230][info][566016][proto_bacnet_driver.cpp:63] [BACnet][Driver] Local device instance: 4194303
[2025-11-11 13:47:27.230][error][566016][proto_bacnet_hot_config.cpp:106] [BACnet][HotConfig] Config file not found: No such file or directory
[2025-11-11 13:47:27.230][warning][566016][proto_bacnet_driver.cpp:83] [BACnet][Driver] Failed to start hot config monitoring (error: -1)
[2025-11-11 13:47:27.230][info][566016][proto_bacnet_core.cpp:442] [PLC] Driver initialized successfully
[2025-11-11 13:47:27.230][debug][566016][proto_bacnet_core.cpp:454] [PLC] Current connection state: 0 (IDLE)
[2025-11-11 13:47:27.230][info][566016][proto_bacnet_core.cpp:459] [PLC] Connecting to device...
[2025-11-11 13:47:27.230][info][566016][proto_bacnet_driver.cpp:131] [BACnet][Driver] Connecting to BACnet network...
[2025-11-11 13:47:27.230][info][566016][proto_bacnet_core.cpp:328] [BACnet] Connecting to device range 5678-5678...
[2025-11-11 13:47:27.230][info][566016][proto_bacnet_discovery.cpp:15] [BACnet] Starting device discovery for range 5678-5678
[2025-11-11 13:47:27.230][info][566016][proto_bacnet_discovery.cpp:50] [BACnet] Sending Who-Is for device range 5678-5678
[2025-11-11 13:47:32.236][error][566016][proto_bacnet_discovery.cpp:57] [BACnet] Device discovery timeout for range 5678-5678
[2025-11-11 13:47:32.236][error][566016][proto_bacnet_core.cpp:335] [BACnet] Failed to discover devices in range 5678-5678 (status: -2)
[2025-11-11 13:47:32.236][info][566016][proto_bacnet_core.cpp:345] [BACnet] Will retry connection (attempt 1/5)
[2025-11-11 13:47:32.236][error][566016][proto_bacnet_core.cpp:462] [PLC] Connection failed: -2
[2025-11-11 13:47:32.236][error][566016][proto_bacnet_core.cpp:510] [PLC] Initialization/connection failed: -2
[2025-11-11 13:47:32.236][info][566016][main.cc:44] plc_proto_read 返回结果: -2
[2025-11-11 13:47:32.236][debug][566016][proto_bacnet_core.cpp:454] [PLC] Current connection state: 4 (DISCONNECTED)
[2025-11-11 13:47:32.236][info][566016][proto_bacnet_core.cpp:459] [PLC] Connecting to device...
[2025-11-11 13:47:32.236][info][566016][proto_bacnet_driver.cpp:131] [BACnet][Driver] Connecting to BACnet network...
[2025-11-11 13:47:32.236][info][566016][proto_bacnet_core.cpp:328] [BACnet] Connecting to device range 5678-5678...
[2025-11-11 13:47:32.236][info][566016][proto_bacnet_discovery.cpp:15] [BACnet] Starting device discovery for range 5678-5678
[2025-11-11 13:47:32.236][info][566016][proto_bacnet_discovery.cpp:50] [BACnet] Sending Who-Is for device range 5678-5678
[2025-11-11 13:47:37.243][error][566016][proto_bacnet_discovery.cpp:57] [BACnet] Device discovery timeout for range 5678-5678
[2025-11-11 13:47:37.243][error][566016][proto_bacnet_core.cpp:335] [BACnet] Failed to discover devices in range 5678-5678 (status: -2)
[2025-11-11 13:47:37.243][info][566016][proto_bacnet_core.cpp:345] [BACnet] Will retry connection (attempt 2/5)
[2025-11-11 13:47:37.243][error][566016][proto_bacnet_core.cpp:462] [PLC] Connection failed: -2
[2025-11-11 13:47:37.243][debug][566016][proto_bacnet_core.cpp:481] [PLC] plc_proto_read: device=5678, analog-value-1, present-value
[2025-11-11 13:47:37.243][debug][566016][proto_bacnet_core.cpp:454] [PLC] Current connection state: 4 (DISCONNECTED)
[2025-11-11 13:47:37.243][info][566016][proto_bacnet_core.cpp:459] [PLC] Connecting to device...
[2025-11-11 13:47:37.243][info][566016][proto_bacnet_driver.cpp:131] [BACnet][Driver] Connecting to BACnet network...
[2025-11-11 13:47:37.243][info][566016][proto_bacnet_core.cpp:328] [BACnet] Connecting to device range 5678-5678...
[2025-11-11 13:47:37.243][info][566016][proto_bacnet_discovery.cpp:15] [BACnet] Starting device discovery for range 5678-5678
[2025-11-11 13:47:37.243][info][566016][proto_bacnet_discovery.cpp:50] [BACnet] Sending Who-Is for device range 5678-5678
[2025-11-11 13:47:42.250][error][566016][proto_bacnet_discovery.cpp:57] [BACnet] Device discovery timeout for range 5678-5678
[2025-11-11 13:47:42.250][error][566016][proto_bacnet_core.cpp:335] [BACnet] Failed to discover devices in range 5678-5678 (status: -2)
[2025-11-11 13:47:42.250][info][566016][proto_bacnet_core.cpp:345] [BACnet] Will retry connection (attempt 3/5)
[2025-11-11 13:47:42.250][error][566016][proto_bacnet_core.cpp:462] [PLC] Connection failed: -2
[2025-11-11 13:47:42.250][error][566016][proto_bacnet_core.cpp:510] [PLC] Initialization/connection failed: -2
[2025-11-11 13:47:42.250][info][566016][proto_bacnet_driver.cpp:56] [BACnet] Program exiting, auto-cleanup resources...
[2025-11-11 13:47:42.250][info][566016][proto_bacnet_core.cpp:683] [BACnet] Explicit cleanup requested
[2025-11-11 13:47:42.250][info][566016][proto_bacnet_driver.cpp:104] [BACnet][Driver] Releasing driver resources...
[2025-11-11 13:47:42.250][info][566016][proto_bacnet_core.cpp:37] [BACnet][Context] Resetting context...
[2025-11-11 13:47:42.250][info][566016][proto_bacnet_core.cpp:280] [BACnet] Cleaning up context...
[2025-11-11 13:47:42.250][info][566016][proto_bacnet_core.cpp:302] [BACnet] Context cleanup completed
[2025-11-11 13:47:42.250][info][566016][proto_bacnet_core.cpp:58] [BACnet][Context] Reset completed
[2025-11-11 13:47:42.250][info][566016][proto_bacnet_driver.cpp:115] [BACnet][Driver] Driver released
[2025-11-11 13:47:42.250][info][566016][proto_bacnet_core.cpp:690] [BACnet] Cleanup completed successfully
[2025-11-12 10:55:21.751][info][601136][:] === BACnet PLC 异步读写测试开始 ===
[2025-11-12 10:55:21.751][info][601136][main.cc:14] === BACnet PLC 异步读写测试 ===
[2025-11-12 10:55:21.751][info][601136][main.cc:15] 日志文件: bacnet.log
[2025-11-12 10:55:21.751][info][601136][main.cc:17] 开始测试BACnet PLC异步读写功能
[2025-11-12 10:55:21.751][info][601136][main.cc:20] 
[2025-11-12 10:55:21.751][info][601136][main.cc:21] --- 测试读取操作 ---
[2025-11-12 10:55:21.751][info][601136][main.cc:35] 正在读取设备 5678 的模拟值对象 1 的当前值...
[2025-11-12 10:55:21.752][debug][601136][proto_bacnet_core.cpp:481] [PLC] plc_proto_read: device=5678, analog-value-1, present-value
[2025-11-12 10:55:21.752][info][601136][proto_bacnet_core.cpp:435] [PLC] Initializing BACnet driver...
[2025-11-12 10:55:21.752][info][601136][proto_bacnet_driver.cpp:41] [BACnet][Driver] Initializing driver...
[2025-11-12 10:55:21.752][info][601136][proto_bacnet_core.cpp:17] [BACnet][Context] Initializing context...
[2025-11-12 10:55:21.752][debug][601136][proto_bacnet_core.cpp:214] [BACnet] Loading configuration from ../config.yaml
[2025-11-12 10:55:21.752][warning][601136][proto_bacnet_utils.cpp:230] [BACnet][Config] Cannot open config file '../config.yaml', using default values
[2025-11-12 10:55:21.752][info][601136][proto_bacnet_utils.cpp:70] ┏━━━━━━━━━━━━━━━━━━━━━━━━━━━━━━━━━━━━━━━━━━━━━━━━━━━━━━━━━━━━━━━━┓
[2025-11-12 10:55:21.752][info][601136][proto_bacnet_utils.cpp:71] ┃          BACnet Configuration Loaded                         ┃
[2025-11-12 10:55:21.752][info][601136][proto_bacnet_utils.cpp:72] ┣━━━━━━━━━━━━━━━━━━━━━━━━━━━━━━━━━━━━━━━━━━━━━━━━━━━━━━━━━━━━━━━━┫
[2025-11-12 10:55:21.752][info][601136][proto_bacnet_utils.cpp:75] ┃ [Common]                                                     ┃
[2025-11-12 10:55:21.752][info][601136][proto_bacnet_utils.cpp:76] ┃   environment        : development           [DEFAULT] ┃
[2025-11-12 10:55:21.752][info][601136][proto_bacnet_utils.cpp:78] ┃   log_level          : debug                 [DEFAULT] ┃
[2025-11-12 10:55:21.752][info][601136][proto_bacnet_utils.cpp:80] ┃   log_file           : bacnet.log            [DEFAULT] ┃
[2025-11-12 10:55:21.752][info][601136][proto_bacnet_utils.cpp:83] ┣━━━━━━━━━━━━━━━━━━━━━━━━━━━━━━━━━━━━━━━━━━━━━━━━━━━━━━━━━━━━━━━━┫
[2025-11-12 10:55:21.752][info][601136][proto_bacnet_utils.cpp:86] ┃ [BACnet]                                                     ┃
[2025-11-12 10:55:21.752][info][601136][proto_bacnet_utils.cpp:87] ┃   enabled            : true                  [DEFAULT] ┃
[2025-11-12 10:55:21.752][info][601136][proto_bacnet_utils.cpp:91] ┣━━━━━━━━━━━━━━━━━━━━━━━━━━━━━━━━━━━━━━━━━━━━━━━━━━━━━━━━━━━━━━━━┫
[2025-11-12 10:55:21.752][info][601136][proto_bacnet_utils.cpp:94] ┃ [BACnet.Discovery]                                           ┃
[2025-11-12 10:55:21.752][info][601136][proto_bacnet_utils.cpp:95] ┃   target_device_start:                 5678  [DEFAULT] ┃
[2025-11-12 10:55:21.752][info][601136][proto_bacnet_utils.cpp:98] ┃   target_device_end  :                 5678  [DEFAULT] ┃
[2025-11-12 10:55:21.752][info][601136][proto_bacnet_utils.cpp:101] ┃   whois_retry        :                    3  [DEFAULT] ┃
[2025-11-12 10:55:21.752][info][601136][proto_bacnet_utils.cpp:104] ┃   response_timeout_ms:                 5000  [DEFAULT] ┃
[2025-11-12 10:55:21.752][info][601136][proto_bacnet_utils.cpp:108] ┣━━━━━━━━━━━━━━━━━━━━━━━━━━━━━━━━━━━━━━━━━━━━━━━━━━━━━━━━━━━━━━━━┫
[2025-11-12 10:55:21.752][info][601136][proto_bacnet_utils.cpp:111] ┃ [BACnet.LocalDevice]                                         ┃
[2025-11-12 10:55:21.752][info][601136][proto_bacnet_utils.cpp:112] ┃   instance_id        :              4194303  [DEFAULT] ┃
[2025-11-12 10:55:21.752][info][601136][proto_bacnet_utils.cpp:115] ┃   max_apdu           :                 1476  [DEFAULT] ┃
[2025-11-12 10:55:21.752][info][601136][proto_bacnet_utils.cpp:119] ┣━━━━━━━━━━━━━━━━━━━━━━━━━━━━━━━━━━━━━━━━━━━━━━━━━━━━━━━━━━━━━━━━┫
[2025-11-12 10:55:21.752][info][601136][proto_bacnet_utils.cpp:122] ┃ [BACnet.Network]                                             ┃
[2025-11-12 10:55:21.752][info][601136][proto_bacnet_utils.cpp:123] ┃   interface          : (auto)                [DEFAULT] ┃
[2025-11-12 10:55:21.752][info][601136][proto_bacnet_utils.cpp:126] ┃   port               :                47808  [DEFAULT] ┃
[2025-11-12 10:55:21.752][info][601136][proto_bacnet_utils.cpp:129] ┃   broadcast_address  : 255.255.255.255       [DEFAULT] ┃
[2025-11-12 10:55:21.752][info][601136][proto_bacnet_utils.cpp:133] ┣━━━━━━━━━━━━━━━━━━━━━━━━━━━━━━━━━━━━━━━━━━━━━━━━━━━━━━━━━━━━━━━━┫
[2025-11-12 10:55:21.752][info][601136][proto_bacnet_utils.cpp:136] ┃ [BACnet.Services]                                            ┃
[2025-11-12 10:55:21.752][info][601136][proto_bacnet_utils.cpp:137] ┃   read_timeout_ms    :                 6000  [DEFAULT] ┃
[2025-11-12 10:55:21.752][info][601136][proto_bacnet_utils.cpp:140] ┃   write_timeout_ms   :                 6000  [DEFAULT] ┃
[2025-11-12 10:55:21.752][info][601136][proto_bacnet_utils.cpp:143] ┃   default_priority   :                    8  [DEFAULT] ┃
[2025-11-12 10:55:21.752][info][601136][proto_bacnet_utils.cpp:146] ┃   cache_expiry_ms    :                 1000  [DEFAULT] ┃
[2025-11-12 10:55:21.752][info][601136][proto_bacnet_utils.cpp:149] ┃   cache_strategy     :                    0  [DEFAULT] ┃
[2025-11-12 10:55:21.752][info][601136][proto_bacnet_utils.cpp:152] ┃   datalink_maint_ms  :                 1000  [DEFAULT] ┃
[2025-11-12 10:55:21.752][info][601136][proto_bacnet_utils.cpp:156] ┣━━━━━━━━━━━━━━━━━━━━━━━━━━━━━━━━━━━━━━━━━━━━━━━━━━━━━━━━━━━━━━━━┫
[2025-11-12 10:55:21.752][info][601136][proto_bacnet_utils.cpp:159] ┃ [BACnet.Connection]                                          ┃
[2025-11-12 10:55:21.752][info][601136][proto_bacnet_utils.cpp:160] ┃   max_reconnect_attempts:                 5  [DEFAULT] ┃
[2025-11-12 10:55:21.752][info][601136][proto_bacnet_utils.cpp:163] ┃   reconnect_interval_ms :              3000  [DEFAULT] ┃
[2025-11-12 10:55:21.752][info][601136][proto_bacnet_utils.cpp:167] ┣━━━━━━━━━━━━━━━━━━━━━━━━━━━━━━━━━━━━━━━━━━━━━━━━━━━━━━━━━━━━━━━━┫
[2025-11-12 10:55:21.752][info][601136][proto_bacnet_utils.cpp:170] ┃ [BACnet.HotConfig]                                           ┃
[2025-11-12 10:55:21.752][info][601136][proto_bacnet_utils.cpp:171] ┃   enabled            : true                  [DEFAULT] ┃
[2025-11-12 10:55:21.752][info][601136][proto_bacnet_utils.cpp:174] ┃   polling_interval_ms:                 1000  [DEFAULT] ┃
[2025-11-12 10:55:21.752][info][601136][proto_bacnet_utils.cpp:178] ┗━━━━━━━━━━━━━━━━━━━━━━━━━━━━━━━━━━━━━━━━━━━━━━━━━━━━━━━━━━━━━━━━┛
[2025-11-12 10:55:21.752][debug][601136][proto_bacnet_core.cpp:221] [BACnet] Configuration loaded successfully
[2025-11-12 10:55:21.752][debug][601136][proto_bacnet_core.cpp:233] [BACnet] Cache strategy: Aggressive (always send requests) (expiry: 1000ms)
[2025-11-12 10:55:21.752][debug][601136][proto_bacnet_core.cpp:237] [BACnet] Initializing BACnet protocol stack...
[2025-11-12 10:55:21.752][debug][601136][proto_bacnet_core.cpp:240] [BACnet] Device_Init completed
[2025-11-12 10:55:21.752][debug][601136][proto_bacnet_core.cpp:243] [BACnet] address_init completed
[2025-11-12 10:55:21.753][debug][601136][proto_bacnet_core.cpp:246] [BACnet] dlenv_init completed
[2025-11-12 10:55:21.753][info][601136][proto_bacnet_callbacks.cpp:422] [BACnet] Protocol stack handlers registered
[2025-11-12 10:55:21.753][debug][601136][proto_bacnet_core.cpp:250] [BACnet] BACnet handlers registered
[2025-11-12 10:55:21.753][info][601136][proto_bacnet_core.cpp:264] [BACnet] Context initialized successfully (target device range: 5678-5678)
[2025-11-12 10:55:21.753][info][601136][proto_bacnet_core.cpp:29] [BACnet][Context] Initialization completed
[2025-11-12 10:55:21.753][info][601136][proto_bacnet_driver.cpp:62] [BACnet][Driver] Initialization completed successfully
[2025-11-12 10:55:21.753][info][601136][proto_bacnet_driver.cpp:63] [BACnet][Driver] Local device instance: 4194303
[2025-11-12 10:55:21.753][error][601136][proto_bacnet_hot_config.cpp:106] [BACnet][HotConfig] Config file not found: No such file or directory
[2025-11-12 10:55:21.753][warning][601136][proto_bacnet_driver.cpp:83] [BACnet][Driver] Failed to start hot config monitoring (error: -1)
[2025-11-12 10:55:21.753][info][601136][proto_bacnet_core.cpp:442] [PLC] Driver initialized successfully
[2025-11-12 10:55:21.753][debug][601136][proto_bacnet_core.cpp:454] [PLC] Current connection state: 0 (IDLE)
[2025-11-12 10:55:21.753][info][601136][proto_bacnet_core.cpp:459] [PLC] Connecting to device...
[2025-11-12 10:55:21.753][info][601136][proto_bacnet_driver.cpp:131] [BACnet][Driver] Connecting to BACnet network...
[2025-11-12 10:55:21.753][info][601136][proto_bacnet_core.cpp:328] [BACnet] Connecting to device range 5678-5678...
[2025-11-12 10:55:21.753][info][601136][proto_bacnet_discovery.cpp:15] [BACnet] Starting device discovery for range 5678-5678
[2025-11-12 10:55:21.753][info][601136][proto_bacnet_discovery.cpp:50] [BACnet] Sending Who-Is for device range 5678-5678
[2025-11-12 10:55:26.759][error][601136][proto_bacnet_discovery.cpp:57] [BACnet] Device discovery timeout for range 5678-5678
[2025-11-12 10:55:26.759][error][601136][proto_bacnet_core.cpp:335] [BACnet] Failed to discover devices in range 5678-5678 (status: -2)
[2025-11-12 10:55:26.759][info][601136][proto_bacnet_core.cpp:345] [BACnet] Will retry connection (attempt 1/5)
[2025-11-12 10:55:26.759][error][601136][proto_bacnet_core.cpp:462] [PLC] Connection failed: -2
[2025-11-12 10:55:26.759][error][601136][proto_bacnet_core.cpp:510] [PLC] Initialization/connection failed: -2
[2025-11-12 10:55:26.759][info][601136][main.cc:40] plc_proto_read 返回结果: -2
[2025-11-12 10:55:26.759][info][601136][main.cc:69] ❌ 读取请求发送失败: 错误码 -2
[2025-11-12 10:55:26.759][info][601136][main.cc:73] 
[2025-11-12 10:55:26.759][info][601136][main.cc:74] --- 测试写入操作 ---
[2025-11-12 10:55:26.759][info][601136][main.cc:88] 正在写入设备 5678 的模拟值对象 1 的当前值: 25.5
[2025-11-12 10:55:26.759][debug][601136][proto_bacnet_core.cpp:454] [PLC] Current connection state: 4 (DISCONNECTED)
[2025-11-12 10:55:26.759][info][601136][proto_bacnet_core.cpp:459] [PLC] Connecting to device...
[2025-11-12 10:55:26.759][info][601136][proto_bacnet_driver.cpp:131] [BACnet][Driver] Connecting to BACnet network...
[2025-11-12 10:55:26.759][info][601136][proto_bacnet_core.cpp:328] [BACnet] Connecting to device range 5678-5678...
[2025-11-12 10:55:26.759][info][601136][proto_bacnet_discovery.cpp:15] [BACnet] Starting device discovery for range 5678-5678
[2025-11-12 10:55:26.759][info][601136][proto_bacnet_discovery.cpp:50] [BACnet] Sending Who-Is for device range 5678-5678
[2025-11-12 10:55:31.765][error][601136][proto_bacnet_discovery.cpp:57] [BACnet] Device discovery timeout for range 5678-5678
[2025-11-12 10:55:31.765][error][601136][proto_bacnet_core.cpp:335] [BACnet] Failed to discover devices in range 5678-5678 (status: -2)
[2025-11-12 10:55:31.765][info][601136][proto_bacnet_core.cpp:345] [BACnet] Will retry connection (attempt 2/5)
[2025-11-12 10:55:31.765][error][601136][proto_bacnet_core.cpp:462] [PLC] Connection failed: -2
[2025-11-12 10:55:31.765][info][601136][main.cc:100] ❌ 写入请求失败: 错误码 -2
[2025-11-12 10:55:31.765][info][601136][main.cc:104] 
[2025-11-12 10:55:31.765][info][601136][main.cc:105] --- 验证写入结果 ---
[2025-11-12 10:55:31.765][info][601136][main.cc:107] 重新读取以验证写入是否成功...
[2025-11-12 10:55:31.765][debug][601136][proto_bacnet_core.cpp:481] [PLC] plc_proto_read: device=5678, analog-value-1, present-value
[2025-11-12 10:55:31.765][debug][601136][proto_bacnet_core.cpp:454] [PLC] Current connection state: 4 (DISCONNECTED)
[2025-11-12 10:55:31.765][info][601136][proto_bacnet_core.cpp:459] [PLC] Connecting to device...
[2025-11-12 10:55:31.765][info][601136][proto_bacnet_driver.cpp:131] [BACnet][Driver] Connecting to BACnet network...
[2025-11-12 10:55:31.765][info][601136][proto_bacnet_core.cpp:328] [BACnet] Connecting to device range 5678-5678...
[2025-11-12 10:55:31.766][info][601136][proto_bacnet_discovery.cpp:15] [BACnet] Starting device discovery for range 5678-5678
[2025-11-12 10:55:31.766][info][601136][proto_bacnet_discovery.cpp:50] [BACnet] Sending Who-Is for device range 5678-5678
[2025-11-12 10:55:36.772][error][601136][proto_bacnet_discovery.cpp:57] [BACnet] Device discovery timeout for range 5678-5678
[2025-11-12 10:55:36.772][error][601136][proto_bacnet_core.cpp:335] [BACnet] Failed to discover devices in range 5678-5678 (status: -2)
[2025-11-12 10:55:36.772][info][601136][proto_bacnet_core.cpp:345] [BACnet] Will retry connection (attempt 3/5)
[2025-11-12 10:55:36.772][error][601136][proto_bacnet_core.cpp:462] [PLC] Connection failed: -2
[2025-11-12 10:55:36.772][error][601136][proto_bacnet_core.cpp:510] [PLC] Initialization/connection failed: -2
[2025-11-12 10:55:36.772][info][601136][main.cc:141] ❌ 验证读取请求失败: 错误码 -2
[2025-11-12 10:55:36.772][info][601136][main.cc:144] 
[2025-11-12 10:55:36.772][info][601136][main.cc:145] === 测试完成 ===
[2025-11-12 10:55:36.772][info][601136][main.cc:146] 注意: 如果测试失败，请检查:
[2025-11-12 10:55:36.772][info][601136][main.cc:147] 1. BACnet设备是否在网络上且实例ID为5678
[2025-11-12 10:55:36.772][info][601136][main.cc:148] 2. 设备是否有模拟值对象1
[2025-11-12 10:55:36.772][info][601136][main.cc:149] 3. 网络配置是否正确
[2025-11-12 10:55:36.772][info][601136][main.cc:150] 4. 配置文件config.yaml是否正确
[2025-11-12 10:55:36.772][info][601136][proto_bacnet_driver.cpp:56] [BACnet] Program exiting, auto-cleanup resources...
[2025-11-12 10:55:36.772][info][601136][proto_bacnet_core.cpp:683] [BACnet] Explicit cleanup requested
[2025-11-12 10:55:36.772][info][601136][proto_bacnet_driver.cpp:104] [BACnet][Driver] Releasing driver resources...
[2025-11-12 10:55:36.772][info][601136][proto_bacnet_core.cpp:37] [BACnet][Context] Resetting context...
[2025-11-12 10:55:36.772][info][601136][proto_bacnet_core.cpp:280] [BACnet] Cleaning up context...
[2025-11-12 10:55:36.772][info][601136][proto_bacnet_core.cpp:302] [BACnet] Context cleanup completed
[2025-11-12 10:55:36.772][info][601136][proto_bacnet_core.cpp:58] [BACnet][Context] Reset completed
[2025-11-12 10:55:36.772][info][601136][proto_bacnet_driver.cpp:115] [BACnet][Driver] Driver released
[2025-11-12 10:55:36.772][info][601136][proto_bacnet_core.cpp:690] [BACnet] Cleanup completed successfully
[2025-11-27 09:19:10.628][info][260005][:] === BACnet PLC 异步读写测试开始 ===
[2025-11-27 09:19:10.628][info][260005][main.cc:14] === BACnet PLC 异步读写测试 ===
[2025-11-27 09:19:10.628][info][260005][main.cc:15] 日志文件: bacnet.log
[2025-11-27 09:19:10.628][info][260005][main.cc:17] 开始测试BACnet PLC异步读写功能
[2025-11-27 09:19:10.628][info][260005][main.cc:20] 
[2025-11-27 09:19:10.628][info][260005][main.cc:21] --- 测试读取操作 ---
[2025-11-27 09:19:10.628][info][260005][main.cc:35] 正在读取设备 5678 的模拟值对象 1 的当前值...
[2025-11-27 09:19:10.629][debug][260005][proto_bacnet_core.cc:627] [PLC] plc_proto_read: device=5678, analog-value-1, present-value
[2025-11-27 09:19:10.629][info][260005][proto_bacnet_core.cc:581] [PLC] Initializing BACnet driver...
[2025-11-27 09:19:10.629][info][260005][proto_bacnet_driver.cc:41] [BACnet][Driver] Initializing driver...
[2025-11-27 09:19:10.629][info][260005][proto_bacnet_core.cc:17] [BACnet][Context] Initializing context...
[2025-11-27 09:19:10.629][debug][260005][proto_bacnet_core.cc:352] [BACnet] Loading configuration from ../config.yaml
[2025-11-27 09:19:10.629][warning][260005][proto_bacnet_utils.cc:244] [BACnet][Config] Cannot open config file '../config.yaml', using default values
[2025-11-27 09:19:10.629][info][260005][proto_bacnet_utils.cc:72] ┏━━━━━━━━━━━━━━━━━━━━━━━━━━━━━━━━━━━━━━━━━━━━━━━━━━━━━━━━━━━━━━━━┓
[2025-11-27 09:19:10.629][info][260005][proto_bacnet_utils.cc:73] ┊          BACnet Configuration Loaded                         ┃
[2025-11-27 09:19:10.629][info][260005][proto_bacnet_utils.cc:74] ┣━━━━━━━━━━━━━━━━━━━━━━━━━━━━━━━━━━━━━━━━━━━━━━━━━━━━━━━━━━━━━━┫
[2025-11-27 09:19:10.629][info][260005][proto_bacnet_utils.cc:77] ┊ [Discovery]                                                  ┃
[2025-11-27 09:19:10.629][info][260005][proto_bacnet_utils.cc:78] ┃   target_device_start:                 5678  [DEFAULT] ┃
[2025-11-27 09:19:10.629][info][260005][proto_bacnet_utils.cc:81] ┃   target_device_end  :                 5678  [DEFAULT] ┃
[2025-11-27 09:19:10.629][info][260005][proto_bacnet_utils.cc:84] ┃   whois_retry        :                    3  [DEFAULT] ┃
[2025-11-27 09:19:10.629][info][260005][proto_bacnet_utils.cc:87] ┃   response_timeout_ms:                 5000  [DEFAULT] ┃
[2025-11-27 09:19:10.629][info][260005][proto_bacnet_utils.cc:91] ┣━━━━━━━━━━━━━━━━━━━━━━━━━━━━━━━━━━━━━━━━━━━━━━━━━━━━━━━━━━━━━━━━┫
[2025-11-27 09:19:10.629][info][260005][proto_bacnet_utils.cc:94] ┃ [LocalDevice]                                                ┃
[2025-11-27 09:19:10.629][info][260005][proto_bacnet_utils.cc:95] ┃   instance_id        :              4194303  [DEFAULT] ┃
[2025-11-27 09:19:10.629][info][260005][proto_bacnet_utils.cc:98] ┃   max_apdu           :                 1476  [DEFAULT] ┃
[2025-11-27 09:19:10.629][info][260005][proto_bacnet_utils.cc:102] ┣━━━━━━━━━━━━━━━━━━━━━━━━━━━━━━━━━━━━━━━━━━━━━━━━━━━━━━━━━━━━━━━━┫
[2025-11-27 09:19:10.629][info][260005][proto_bacnet_utils.cc:105] ┃ [Network]                                                    ┃
[2025-11-27 09:19:10.629][info][260005][proto_bacnet_utils.cc:106] ┃   interface          : (auto)                [DEFAULT] ┃
[2025-11-27 09:19:10.629][info][260005][proto_bacnet_utils.cc:109] ┃   port               :                47808  [DEFAULT] ┃
[2025-11-27 09:19:10.629][info][260005][proto_bacnet_utils.cc:112] ┃   broadcast_address  : 255.255.255.255       [DEFAULT] ┃
[2025-11-27 09:19:10.629][info][260005][proto_bacnet_utils.cc:116] ┣━━━━━━━━━━━━━━━━━━━━━━━━━━━━━━━━━━━━━━━━━━━━━━━━━━━━━━━━━━━━━━━━┫
[2025-11-27 09:19:10.629][info][260005][proto_bacnet_utils.cc:137] ┃ [MS/TP] (RS-485 Serial)                                      ┃
[2025-11-27 09:19:10.629][info][260005][proto_bacnet_utils.cc:138] ┃   Status: Disabled (no port configured)                      ┃
[2025-11-27 09:19:10.629][info][260005][proto_bacnet_utils.cc:141] ┣━━━━━━━━━━━━━━━━━━━━━━━━━━━━━━━━━━━━━━━━━━━━━━━━━━━━━━━━━━━━━━━━┫
[2025-11-27 09:19:10.629][info][260005][proto_bacnet_utils.cc:144] ┃ [Services]                                                   ┃
[2025-11-27 09:19:10.629][info][260005][proto_bacnet_utils.cc:145] ┃   read_timeout_ms    :                 6000  [DEFAULT] ┃
[2025-11-27 09:19:10.629][info][260005][proto_bacnet_utils.cc:148] ┃   write_timeout_ms   :                 6000  [DEFAULT] ┃
[2025-11-27 09:19:10.629][info][260005][proto_bacnet_utils.cc:151] ┃   default_priority   :                    8  [DEFAULT] ┃
[2025-11-27 09:19:10.629][info][260005][proto_bacnet_utils.cc:154] ┃   cache_expiry_ms    :                 1000  [DEFAULT] ┃
[2025-11-27 09:19:10.629][info][260005][proto_bacnet_utils.cc:157] ┃   cache_strategy     :                    0  [DEFAULT] ┃
[2025-11-27 09:19:10.629][info][260005][proto_bacnet_utils.cc:160] ┃   datalink_maint_ms  :                 1000  [DEFAULT] ┃
[2025-11-27 09:19:10.629][info][260005][proto_bacnet_utils.cc:164] ┣━━━━━━━━━━━━━━━━━━━━━━━━━━━━━━━━━━━━━━━━━━━━━━━━━━━━━━━━━━━━━━━━┫
[2025-11-27 09:19:10.629][info][260005][proto_bacnet_utils.cc:167] ┃ [Connection]                                                 ┃
[2025-11-27 09:19:10.629][info][260005][proto_bacnet_utils.cc:168] ┃   max_reconnect_attempts:                 5  [DEFAULT] ┃
[2025-11-27 09:19:10.629][info][260005][proto_bacnet_utils.cc:171] ┃   reconnect_interval_ms :              3000  [DEFAULT] ┃
[2025-11-27 09:19:10.629][info][260005][proto_bacnet_utils.cc:175] ┣━━━━━━━━━━━━━━━━━━━━━━━━━━━━━━━━━━━━━━━━━━━━━━━━━━━━━━━━━━━━━━━━┫
[2025-11-27 09:19:10.629][info][260005][proto_bacnet_utils.cc:178] ┃ [HotConfig]                                                  ┃
[2025-11-27 09:19:10.629][info][260005][proto_bacnet_utils.cc:179] ┃   enabled            : true                  [DEFAULT] ┃
[2025-11-27 09:19:10.629][info][260005][proto_bacnet_utils.cc:182] ┃   polling_interval_ms:                 1000  [DEFAULT] ┃
[2025-11-27 09:19:10.629][info][260005][proto_bacnet_utils.cc:186] ┗━━━━━━━━━━━━━━━━━━━━━━━━━━━━━━━━━━━━━━━━━━━━━━━━━━━━━━━━━━━━━━━━┛
[2025-11-27 09:19:10.629][debug][260005][proto_bacnet_core.cc:359] [BACnet] Configuration loaded successfully
[2025-11-27 09:19:10.629][debug][260005][proto_bacnet_core.cc:371] [BACnet] Cache strategy: Aggressive (always send requests) (expiry: 1000ms)
[2025-11-27 09:19:10.629][debug][260005][proto_bacnet_core.cc:375] [BACnet] Initializing BACnet protocol stack...
[2025-11-27 09:19:10.629][debug][260005][proto_bacnet_core.cc:378] [BACnet] Device_Init completed
[2025-11-27 09:19:10.629][debug][260005][proto_bacnet_core.cc:381] [BACnet] address_init completed
[2025-11-27 09:19:10.630][debug][260005][proto_bacnet_core.cc:385] [BACnet] dlenv_init completed
[2025-11-27 09:19:10.630][info][260005][proto_bacnet_core.cc:234] [BACnet][DataLink] Initializing multiple datalink layers...
[2025-11-27 09:19:10.630][info][260005][proto_bacnet_core.cc:241] [BACnet][DataLink] [1/2] Initializing BACnet/IP (Ethernet)...
[2025-11-27 09:19:10.630][debug][260005][proto_bacnet_core.cc:245] [BACnet][DataLink][BIP] Port set to 47808
[2025-11-27 09:19:10.630][info][260005][proto_bacnet_core.cc:260] [BACnet][DataLink][BIP] Initialized successfully (interface: <auto>, port: 47808)
[2025-11-27 09:19:10.630][info][260005][proto_bacnet_core.cc:303] [BACnet][DataLink] [2/2] MS/TP not configured, skipping
[2025-11-27 09:19:10.630][debug][260005][proto_bacnet_core.cc:304] [BACnet][DataLink][MSTP] Hint: Set 'mstp.port' in config.yaml to enable
[2025-11-27 09:19:10.630][info][260005][proto_bacnet_core.cc:319] [BACnet][DataLink] All datalink layers initialized successfully
[2025-11-27 09:19:10.630][info][260005][proto_bacnet_core.cc:320] [BACnet][DataLink] Protocol stack will auto-route requests based on device address table
[2025-11-27 09:19:10.630][info][260005][proto_bacnet_core.cc:321] [BACnet][DataLink] Optional: Use 'datalink_hint' field to force specific datalink
[2025-11-27 09:19:10.630][info][260005][proto_bacnet_callbacks.cc:422] [BACnet] Protocol stack handlers registered
[2025-11-27 09:19:10.630][debug][260005][proto_bacnet_core.cc:396] [BACnet] BACnet handlers registered
[2025-11-27 09:19:10.630][info][260005][proto_bacnet_core.cc:410] [BACnet] Context initialized successfully (target device range: 5678-5678)
[2025-11-27 09:19:10.630][info][260005][proto_bacnet_core.cc:29] [BACnet][Context] Initialization completed
[2025-11-27 09:19:10.630][info][260005][proto_bacnet_driver.cc:62] [BACnet][Driver] Initialization completed successfully
[2025-11-27 09:19:10.630][info][260005][proto_bacnet_driver.cc:63] [BACnet][Driver] Local device instance: 4194303
[2025-11-27 09:19:10.630][error][260005][proto_bacnet_hot_config.cc:106] [BACnet][HotConfig] Config file not found: No such file or directory
[2025-11-27 09:19:10.630][warning][260005][proto_bacnet_driver.cc:83] [BACnet][Driver] Failed to start hot config monitoring (error: -1)
[2025-11-27 09:19:10.630][info][260005][proto_bacnet_core.cc:588] [PLC] Driver initialized successfully
[2025-11-27 09:19:10.630][debug][260005][proto_bacnet_core.cc:600] [PLC] Current connection state: 0 (IDLE)
[2025-11-27 09:19:10.630][info][260005][proto_bacnet_core.cc:605] [PLC] Connecting to device...
[2025-11-27 09:19:10.630][info][260005][proto_bacnet_driver.cc:131] [BACnet][Driver] Connecting to BACnet network...
[2025-11-27 09:19:10.630][info][260005][proto_bacnet_core.cc:474] [BACnet] Connecting to device range 5678-5678...
[2025-11-27 09:19:10.630][info][260005][proto_bacnet_discovery.cc:15] [BACnet] Starting device discovery for range 5678-5678
[2025-11-27 09:19:10.630][info][260005][proto_bacnet_discovery.cc:50] [BACnet] Sending Who-Is for device range 5678-5678
[2025-11-27 09:19:15.637][error][260005][proto_bacnet_discovery.cc:57] [BACnet] Device discovery timeout for range 5678-5678
[2025-11-27 09:19:15.637][error][260005][proto_bacnet_core.cc:481] [BACnet] Failed to discover devices in range 5678-5678 (status: -2)
[2025-11-27 09:19:15.637][info][260005][proto_bacnet_core.cc:491] [BACnet] Will retry connection (attempt 1/5)
[2025-11-27 09:19:15.637][error][260005][proto_bacnet_core.cc:608] [PLC] Connection failed: -2
[2025-11-27 09:19:15.637][error][260005][proto_bacnet_core.cc:656] [PLC] Initialization/connection failed: -2
[2025-11-27 09:19:15.637][info][260005][main.cc:40] plc_proto_read 返回结果: -2
[2025-11-27 09:19:15.637][info][260005][main.cc:69] ❌ 读取请求发送失败: 错误码 -2
[2025-11-27 09:19:15.637][info][260005][main.cc:73] 
[2025-11-27 09:19:15.637][info][260005][main.cc:74] --- 测试写入操作 ---
[2025-11-27 09:19:15.637][info][260005][main.cc:88] 正在写入设备 5678 的模拟值对象 1 的当前值: 25.5
[2025-11-27 09:19:15.637][debug][260005][proto_bacnet_core.cc:600] [PLC] Current connection state: 4 (DISCONNECTED)
[2025-11-27 09:19:15.637][info][260005][proto_bacnet_core.cc:605] [PLC] Connecting to device...
[2025-11-27 09:19:15.637][info][260005][proto_bacnet_driver.cc:131] [BACnet][Driver] Connecting to BACnet network...
[2025-11-27 09:19:15.637][info][260005][proto_bacnet_core.cc:474] [BACnet] Connecting to device range 5678-5678...
[2025-11-27 09:19:15.637][info][260005][proto_bacnet_discovery.cc:15] [BACnet] Starting device discovery for range 5678-5678
[2025-11-27 09:19:15.637][info][260005][proto_bacnet_discovery.cc:50] [BACnet] Sending Who-Is for device range 5678-5678
[2025-11-27 09:19:20.643][error][260005][proto_bacnet_discovery.cc:57] [BACnet] Device discovery timeout for range 5678-5678
[2025-11-27 09:19:20.643][error][260005][proto_bacnet_core.cc:481] [BACnet] Failed to discover devices in range 5678-5678 (status: -2)
[2025-11-27 09:19:20.643][info][260005][proto_bacnet_core.cc:491] [BACnet] Will retry connection (attempt 2/5)
[2025-11-27 09:19:20.643][error][260005][proto_bacnet_core.cc:608] [PLC] Connection failed: -2
[2025-11-27 09:19:20.643][info][260005][main.cc:100] ❌ 写入请求失败: 错误码 -2
[2025-11-27 09:19:20.643][info][260005][main.cc:104] 
[2025-11-27 09:19:20.643][info][260005][main.cc:105] --- 验证写入结果 ---
[2025-11-27 09:19:20.643][info][260005][main.cc:107] 重新读取以验证写入是否成功...
[2025-11-27 09:19:20.643][debug][260005][proto_bacnet_core.cc:627] [PLC] plc_proto_read: device=5678, analog-value-1, present-value
[2025-11-27 09:19:20.643][debug][260005][proto_bacnet_core.cc:600] [PLC] Current connection state: 4 (DISCONNECTED)
[2025-11-27 09:19:20.643][info][260005][proto_bacnet_core.cc:605] [PLC] Connecting to device...
[2025-11-27 09:19:20.643][info][260005][proto_bacnet_driver.cc:131] [BACnet][Driver] Connecting to BACnet network...
[2025-11-27 09:19:20.643][info][260005][proto_bacnet_core.cc:474] [BACnet] Connecting to device range 5678-5678...
[2025-11-27 09:19:20.643][info][260005][proto_bacnet_discovery.cc:15] [BACnet] Starting device discovery for range 5678-5678
[2025-11-27 09:19:20.643][info][260005][proto_bacnet_discovery.cc:50] [BACnet] Sending Who-Is for device range 5678-5678
[2025-11-27 09:19:25.650][error][260005][proto_bacnet_discovery.cc:57] [BACnet] Device discovery timeout for range 5678-5678
[2025-11-27 09:19:25.650][error][260005][proto_bacnet_core.cc:481] [BACnet] Failed to discover devices in range 5678-5678 (status: -2)
[2025-11-27 09:19:25.650][info][260005][proto_bacnet_core.cc:491] [BACnet] Will retry connection (attempt 3/5)
[2025-11-27 09:19:25.650][error][260005][proto_bacnet_core.cc:608] [PLC] Connection failed: -2
[2025-11-27 09:19:25.650][error][260005][proto_bacnet_core.cc:656] [PLC] Initialization/connection failed: -2
[2025-11-27 09:19:25.650][info][260005][main.cc:141] ❌ 验证读取请求失败: 错误码 -2
[2025-11-27 09:19:25.650][info][260005][main.cc:144] 
[2025-11-27 09:19:25.650][info][260005][main.cc:145] === 测试完成 ===
[2025-11-27 09:19:25.650][info][260005][main.cc:146] 注意: 如果测试失败，请检查:
[2025-11-27 09:19:25.650][info][260005][main.cc:147] 1. BACnet设备是否在网络上且实例ID为5678
[2025-11-27 09:19:25.650][info][260005][main.cc:148] 2. 设备是否有模拟值对象1
[2025-11-27 09:19:25.650][info][260005][main.cc:149] 3. 网络配置是否正确
[2025-11-27 09:19:25.650][info][260005][main.cc:150] 4. 配置文件config.yaml是否正确
[2025-11-27 09:19:25.650][info][260005][proto_bacnet_driver.cc:56] [BACnet] Program exiting, auto-cleanup resources...
[2025-11-27 09:19:25.650][info][260005][proto_bacnet_core.cc:829] [BACnet] Explicit cleanup requested
[2025-11-27 09:19:25.650][info][260005][proto_bacnet_driver.cc:104] [BACnet][Driver] Releasing driver resources...
[2025-11-27 09:19:25.650][info][260005][proto_bacnet_core.cc:37] [BACnet][Context] Resetting context...
[2025-11-27 09:19:25.650][info][260005][proto_bacnet_core.cc:426] [BACnet] Cleaning up context...
[2025-11-27 09:19:25.650][info][260005][proto_bacnet_core.cc:448] [BACnet] Context cleanup completed
[2025-11-27 09:19:25.650][info][260005][proto_bacnet_core.cc:58] [BACnet][Context] Reset completed
[2025-11-27 09:19:25.650][info][260005][proto_bacnet_driver.cc:115] [BACnet][Driver] Driver released
[2025-11-27 09:19:25.650][info][260005][proto_bacnet_core.cc:836] [BACnet] Cleanup completed successfully
